2025-01-13T00:32:58.009Z - [ERROR  ] - undefined  400 - All fields are required
2025-01-13T00:32:58.011Z - [ERROR  ] - undefined  500 - ReferenceError: errorResponse is not defined
2025-01-13T00:33:57.937Z - [ERROR  ] - undefined  400 - All fields are required
2025-01-13T00:33:57.944Z - [ERROR  ] - undefined  500 - ReferenceError: errorResponse is not defined
2025-01-13T00:34:24.104Z - [ERROR  ] - undefined  400 - All fields are required
2025-01-13T00:35:31.339Z - [ERROR  ] - undefined  400 - All fields are required
2025-01-13T00:37:17.190Z - [ERROR  ] - undefined  400 - All fields are required
2025-01-13T00:37:33.622Z - [ERROR  ] - undefined  400 - All fields are required
2025-01-13T00:38:16.216Z - [ERROR  ] - undefined  400 - All fields are required
2025-01-13T00:46:21.932Z - [ERROR  ] - undefined  400 - All fields are required
2025-01-13T00:46:43.092Z - [ERROR  ] - undefined  400 - All fields are required
2025-01-13T00:48:29.702Z - [ERROR  ] - undefined  400 - All fields are required
2025-01-13T00:49:21.720Z - [ERROR  ] - undefined  undefined - Error catched
2025-01-13T00:49:34.317Z - [ERROR  ] - undefined  undefined - Error catched
2025-01-13T00:50:11.886Z - [ERROR  ] - undefined  undefined - Error catched
2025-01-13T00:51:03.631Z - [INFO   ] - undefined  201 - Room booked successfully.
2025-01-13T00:51:03.633Z - [ERROR  ] - undefined  500 - ReferenceError: msg is not defined
2025-01-13T00:51:34.346Z - [INFO   ] - undefined  201 - Room booked successfully.
2025-01-13T02:11:24.665Z - [INFO   ] - undefined  201 - Room booked successfully.
2025-01-13T02:12:47.524Z - [ERROR  ] - undefined  400 - All fields are required
2025-01-13T02:13:19.862Z - [ERROR  ] - undefined  undefined - Error catched
2025-01-13T02:13:41.416Z - [ERROR  ] - undefined  undefined - Error catched
2025-01-13T02:13:56.990Z - [ERROR  ] - undefined  undefined - Error catched
2025-01-13T02:14:14.918Z - [ERROR  ] - undefined  undefined - Error catched
2025-01-13T02:14:33.999Z - [INFO   ] - undefined  404 - Booking not found
2025-01-13T02:14:46.729Z - [INFO   ] - undefined  201 - Room booked successfully.
2025-01-13T02:14:50.848Z - [INFO   ] - undefined  404 - Booking not found
2025-01-13T02:15:13.525Z - [INFO   ] - undefined  201 - Room booked successfully.
2025-01-13T02:15:18.651Z - [INFO   ] - undefined  404 - Booking not found
2025-01-13T02:15:41.353Z - [ERROR  ] - undefined  undefined - Error catched
2025-01-13T02:16:06.171Z - [INFO   ] - undefined  404 - Booking not found
2025-01-13T02:16:13.649Z - [INFO   ] - undefined  201 - Room booked successfully.
2025-01-13T02:16:16.915Z - [INFO   ] - undefined  404 - Booking not found
2025-01-13T02:16:49.523Z - [INFO   ] - undefined  201 - Room booked successfully.
2025-01-13T02:17:16.949Z - [ERROR  ] - undefined  undefined - Error catched
2025-01-13T02:19:40.281Z - [ERROR  ] - undefined  undefined - Error catched
2025-01-13T02:20:53.425Z - [INFO   ] - undefined  201 - Room booked successfully.
2025-01-13T02:21:00.199Z - [INFO   ] - undefined  404 - Booking not found
2025-01-13T02:22:00.934Z - [ERROR  ] - undefined  undefined - Error catched
2025-01-13T02:26:30.526Z - [INFO   ] - undefined  404 - Booking not found
2025-01-13T02:26:35.352Z - [INFO   ] - undefined  201 - Room booked successfully.
2025-01-13T02:26:38.442Z - [INFO   ] - undefined  404 - Booking not found
2025-01-13T02:27:45.969Z - [INFO   ] - undefined  201 - Room booked successfully.
2025-01-13T02:27:48.997Z - [INFO   ] - undefined  404 - Booking not found
2025-01-13T02:28:53.168Z - [INFO   ] - undefined  404 - Booking not found
2025-01-13T02:29:04.848Z - [INFO   ] - undefined  404 - Booking not found
2025-01-13T02:29:14.271Z - [INFO   ] - undefined  201 - Room booked successfully.
2025-01-13T02:29:18.322Z - [INFO   ] - undefined  200 - Booking found.
2025-01-13T02:39:02.734Z - [INFO   ] - undefined  200 - Guest list found.
2025-01-13T02:41:14.708Z - [INFO   ] - undefined  200 - Guest list found.
2025-01-13T02:42:44.753Z - [INFO   ] - undefined  404 - Guest list not found.
2025-01-13T02:43:22.955Z - [INFO   ] - undefined  404 - Guest list is empty.
2025-01-13T02:43:26.062Z - [INFO   ] - undefined  201 - Room booked successfully.
2025-01-13T02:43:28.455Z - [INFO   ] - undefined  200 - Guest list found.
2025-01-13T02:44:19.437Z - [INFO   ] - undefined  404 - Guest list is empty.
2025-01-13T02:44:22.462Z - [INFO   ] - undefined  201 - Room booked successfully.
2025-01-13T02:44:25.244Z - [INFO   ] - undefined  200 - Guest list found.
2025-01-13T03:08:33.874Z - [INFO   ] - undefined  404 - Booking not found.
2025-01-13T03:08:38.486Z - [INFO   ] - undefined  201 - Room booked successfully.
2025-01-13T03:08:41.265Z - [INFO   ] - undefined  200 - Booking cancelled successfully.
2025-01-13T03:09:11.252Z - [INFO   ] - undefined  404 - Booking not found.
2025-01-13T03:09:11.254Z - [ERROR  ] - undefined  500 - TypeError: Cannot read properties of undefined (reading 'status')
2025-01-13T03:09:19.730Z - [INFO   ] - undefined  404 - Booking not found.
2025-01-13T03:09:19.732Z - [ERROR  ] - undefined  500 - TypeError: Cannot read properties of undefined (reading 'status')
2025-01-13T03:09:34.142Z - [INFO   ] - undefined  404 - Booking not found.
2025-01-13T03:09:38.885Z - [INFO   ] - undefined  201 - Room booked successfully.
2025-01-13T03:09:41.820Z - [INFO   ] - undefined  200 - Booking cancelled successfully.
2025-01-13T03:14:20.580Z - [INFO   ] - undefined  201 - Room booked successfully.
2025-01-13T03:14:21.721Z - [INFO   ] - undefined  201 - Room booked successfully.
2025-01-13T03:14:22.870Z - [INFO   ] - undefined  201 - Room booked successfully.
2025-01-13T03:14:23.922Z - [INFO   ] - undefined  201 - Room booked successfully.
2025-01-13T03:14:24.963Z - [INFO   ] - undefined  201 - Room booked successfully.
2025-01-13T03:14:26.000Z - [ERROR  ] - undefined  400 - No rooms Available
2025-01-13T03:23:33.583Z - [INFO   ] - undefined  404 - Guest list is empty.
2025-01-13T03:23:37.403Z - [INFO   ] - undefined  201 - Room booked successfully.
2025-01-13T03:23:39.753Z - [INFO   ] - undefined  200 - Guest list found.
2025-01-13T03:26:29.530Z - [ERROR  ] - undefined  undefined - Error catched
2025-01-13T03:27:08.000Z - [ERROR  ] - undefined  undefined - Error catched
2025-01-13T03:27:40.787Z - [ERROR  ] - undefined  undefined - Error catched
2025-01-13T03:29:30.463Z - [INFO   ] - undefined  404 - Booking not found
2025-01-13T03:29:37.240Z - [INFO   ] - undefined  201 - Room booked successfully.
2025-01-13T03:29:42.317Z - [INFO   ] - undefined  undefined - Booking modified successfully
2025-01-13T03:29:42.318Z - [ERROR  ] - undefined  500 - RangeError [ERR_HTTP_INVALID_STATUS_CODE]: Invalid status code: NaN
2025-01-13T03:30:20.542Z - [INFO   ] - undefined  404 - Booking not found
2025-01-13T03:30:28.324Z - [INFO   ] - undefined  201 - Room booked successfully.
2025-01-13T03:30:32.173Z - [INFO   ] - undefined  undefined - Booking modified successfully
2025-01-13T03:30:32.174Z - [ERROR  ] - undefined  500 - RangeError [ERR_HTTP_INVALID_STATUS_CODE]: Invalid status code: NaN
2025-01-13T03:31:01.386Z - [INFO   ] - undefined  404 - Booking not found
2025-01-13T03:31:03.942Z - [INFO   ] - undefined  201 - Room booked successfully.
2025-01-13T03:31:06.821Z - [INFO   ] - undefined  undefined - Booking modified successfully
2025-01-13T03:31:06.828Z - [ERROR  ] - undefined  500 - RangeError [ERR_HTTP_INVALID_STATUS_CODE]: Invalid status code: NaN
2025-01-13T03:31:34.217Z - [INFO   ] - undefined  404 - Booking not found
2025-01-13T03:31:37.907Z - [INFO   ] - undefined  201 - Room booked successfully.
2025-01-13T03:31:42.561Z - [INFO   ] - undefined  200 - Booking modified successfully
2025-01-13T03:32:02.338Z - [INFO   ] - undefined  200 - Booking found.
2025-01-13T04:20:37.698Z - [INFO   ] - undefined  201 - Room booked successfully.
